=== RUN   TestBuildStandaloneInteractive
--- PASS: TestBuildStandaloneInteractive (9.35s)
=== RUN   TestBuildStandaloneSmoke
--- PASS: TestBuildStandaloneSmoke (7.07s)
=== RUN   TestCP1252TableExhaustive
--- PASS: TestCP1252TableExhaustive (0.00s)
=== RUN   TestConvertWithGoEncodingKnownChars
--- PASS: TestConvertWithGoEncodingKnownChars (0.00s)
=== RUN   TestConvertWithGoEncodingVsPerByteReference
--- PASS: TestConvertWithGoEncodingVsPerByteReference (0.00s)
=== RUN   TestEntryPointPrefersRootFile
--- PASS: TestEntryPointPrefersRootFile (1.77s)
=== RUN   TestFgtFixture
--- PASS: TestFgtFixture (1.75s)
=== RUN   TestHashFixture
--- PASS: TestHashFixture (1.74s)
=== RUN   TestHttpNativeFixtures
    http_native_test.go:89: Saida do teste HTTP:
        get_status=200
        get_body_ok=1
        get_last_status=200
        post_status=200
        post_body_ok=1
        put_status=200
        patch_status=200
        delete_status=200
        erro_status=0
        erro_msg_vazia=0
        erro_tratado=1
        --- HttpNativeTest FIM ---
--- PASS: TestHttpNativeFixtures (31.80s)
=== RUN   TestHttpNativeCertError
--- PASS: TestHttpNativeCertError (1.89s)
=== RUN   TestMacroGapsFixture
--- PASS: TestMacroGapsFixture (1.79s)
=== RUN   TestMailFixture
--- PASS: TestMailFixture (1.81s)
=== RUN   TestMCPServerFixture
--- PASS: TestMCPServerFixture (1.75s)
=== RUN   TestMenuServeFixture
AdvPP web: http://localhost:18322  (fonte: menu_serve_test.prw)
escolhido=2
competencia=2026-08
--- PASS: TestMenuServeFixture (1.84s)
=== RUN   TestMenuFallbackHeadless
--- PASS: TestMenuFallbackHeadless (1.71s)
=== RUN   TestParserGaps2Fixture
--- PASS: TestParserGaps2Fixture (1.73s)
=== RUN   TestParserGaps3Fixture
--- PASS: TestParserGaps3Fixture (1.74s)
=== RUN   TestParserGapsFixture
--- PASS: TestParserGapsFixture (1.73s)
=== RUN   TestRestServerFixture
=== RUN   TestRestServerFixture/GET_lista_rotas_registradas_(auto-discovery_@Get/@Post_+_AddRoute)
=== RUN   TestRestServerFixture/GET_/clientes_retorna_array_(função_@Get_sem_path_param)
=== RUN   TestRestServerFixture/GET_/clientes/{id}_popula_path_param_no_oParam_da_função
=== RUN   TestRestServerFixture/POST_/clientes_decodifica_corpo_JSON_no_oParam_da_função
=== RUN   TestRestServerFixture/GET_/manual_atende_rota_registrada_manualmente_via_AddRoute
=== RUN   TestRestServerFixture/404_para_path_não_registrado
=== RUN   TestRestServerFixture/405_para_verbo_não_registrado_num_path_existente
--- PASS: TestRestServerFixture (1.94s)
    --- PASS: TestRestServerFixture/GET_lista_rotas_registradas_(auto-discovery_@Get/@Post_+_AddRoute) (0.00s)
    --- PASS: TestRestServerFixture/GET_/clientes_retorna_array_(função_@Get_sem_path_param) (0.00s)
    --- PASS: TestRestServerFixture/GET_/clientes/{id}_popula_path_param_no_oParam_da_função (0.00s)
    --- PASS: TestRestServerFixture/POST_/clientes_decodifica_corpo_JSON_no_oParam_da_função (0.00s)
    --- PASS: TestRestServerFixture/GET_/manual_atende_rota_registrada_manualmente_via_AddRoute (0.00s)
    --- PASS: TestRestServerFixture/404_para_path_não_registrado (0.00s)
    --- PASS: TestRestServerFixture/405_para_verbo_não_registrado_num_path_existente (0.00s)
=== RUN   TestTCSqlFixture
--- PASS: TestTCSqlFixture (1.72s)
=== RUN   TestWorkareaFixture
--- PASS: TestWorkareaFixture (1.79s)
=== RUN   FuzzJSONDecode
=== RUN   FuzzJSONDecode/seed#0
=== RUN   FuzzJSONDecode/seed#1
=== RUN   FuzzJSONDecode/seed#2
=== RUN   FuzzJSONDecode/seed#3
=== RUN   FuzzJSONDecode/seed#4
=== RUN   FuzzJSONDecode/seed#5
--- PASS: FuzzJSONDecode (0.00s)
    --- PASS: FuzzJSONDecode/seed#0 (0.00s)
    --- PASS: FuzzJSONDecode/seed#1 (0.00s)
    --- PASS: FuzzJSONDecode/seed#2 (0.00s)
    --- PASS: FuzzJSONDecode/seed#3 (0.00s)
    --- PASS: FuzzJSONDecode/seed#4 (0.00s)
    --- PASS: FuzzJSONDecode/seed#5 (0.00s)
=== RUN   FuzzParser
=== RUN   FuzzParser/seed#0
=== RUN   FuzzParser/seed#1
=== RUN   FuzzParser/seed#2
=== RUN   FuzzParser/seed#3
=== RUN   FuzzParser/seed#4
--- PASS: FuzzParser (0.00s)
    --- PASS: FuzzParser/seed#0 (0.00s)
    --- PASS: FuzzParser/seed#1 (0.00s)
    --- PASS: FuzzParser/seed#2 (0.00s)
    --- PASS: FuzzParser/seed#3 (0.00s)
    --- PASS: FuzzParser/seed#4 (0.00s)
=== RUN   FuzzLexer
fuzz: elapsed: 0s, gathering baseline coverage: 0/333 completed
fuzz: elapsed: 3s, gathering baseline coverage: 259/333 completed
fuzz: elapsed: 4s, gathering baseline coverage: 333/333 completed, now fuzzing with 8 workers
fuzz: elapsed: 6s, execs: 10263 (3334/sec), new interesting: 4 (total: 337)
fuzz: elapsed: 9s, execs: 23752 (4497/sec), new interesting: 8 (total: 341)
fuzz: elapsed: 12s, execs: 37167 (4470/sec), new interesting: 16 (total: 349)
fuzz: elapsed: 15s, execs: 54858 (5898/sec), new interesting: 20 (total: 353)
fuzz: elapsed: 18s, execs: 82263 (9136/sec), new interesting: 22 (total: 355)
fuzz: elapsed: 21s, execs: 101138 (6291/sec), new interesting: 24 (total: 357)
fuzz: elapsed: 24s, execs: 125120 (7991/sec), new interesting: 28 (total: 361)
fuzz: elapsed: 27s, execs: 152033 (8972/sec), new interesting: 29 (total: 362)
fuzz: elapsed: 30s, execs: 166564 (4845/sec), new interesting: 31 (total: 364)
fuzz: elapsed: 33s, execs: 194025 (9154/sec), new interesting: 37 (total: 370)
fuzz: elapsed: 36s, execs: 207572 (4516/sec), new interesting: 40 (total: 373)
fuzz: elapsed: 39s, execs: 225588 (6005/sec), new interesting: 41 (total: 374)
fuzz: elapsed: 42s, execs: 258678 (11022/sec), new interesting: 44 (total: 377)
fuzz: elapsed: 45s, execs: 288030 (9790/sec), new interesting: 50 (total: 383)
fuzz: elapsed: 48s, execs: 305924 (5964/sec), new interesting: 51 (total: 384)
fuzz: elapsed: 51s, execs: 318396 (4158/sec), new interesting: 55 (total: 388)
fuzz: elapsed: 54s, execs: 335251 (5616/sec), new interesting: 55 (total: 388)
fuzz: elapsed: 57s, execs: 372069 (12278/sec), new interesting: 56 (total: 389)
fuzz: elapsed: 1m0s, execs: 394486 (7474/sec), new interesting: 63 (total: 396)
fuzz: elapsed: 1m3s, execs: 415761 (7090/sec), new interesting: 64 (total: 397)
fuzz: elapsed: 1m6s, execs: 430890 (5043/sec), new interesting: 66 (total: 399)
fuzz: elapsed: 1m9s, execs: 450263 (6458/sec), new interesting: 68 (total: 401)
fuzz: elapsed: 1m12s, execs: 468730 (6155/sec), new interesting: 74 (total: 407)
fuzz: elapsed: 1m15s, execs: 487911 (6393/sec), new interesting: 76 (total: 409)
fuzz: elapsed: 1m18s, execs: 504405 (5498/sec), new interesting: 78 (total: 411)
fuzz: elapsed: 1m21s, execs: 520622 (5406/sec), new interesting: 79 (total: 412)
fuzz: elapsed: 1m24s, execs: 545217 (8196/sec), new interesting: 81 (total: 414)
fuzz: elapsed: 1m27s, execs: 567217 (7335/sec), new interesting: 81 (total: 414)
fuzz: elapsed: 1m30s, execs: 581586 (4790/sec), new interesting: 82 (total: 415)
fuzz: elapsed: 1m33s, execs: 591012 (3142/sec), new interesting: 83 (total: 416)
fuzz: elapsed: 1m36s, execs: 605660 (4883/sec), new interesting: 83 (total: 416)
fuzz: elapsed: 1m39s, execs: 631455 (8599/sec), new interesting: 87 (total: 420)
fuzz: elapsed: 1m42s, execs: 652067 (6871/sec), new interesting: 88 (total: 421)
fuzz: elapsed: 1m45s, execs: 664681 (4204/sec), new interesting: 88 (total: 421)
fuzz: elapsed: 1m48s, execs: 704711 (13317/sec), new interesting: 90 (total: 423)
fuzz: elapsed: 1m51s, execs: 713819 (3042/sec), new interesting: 90 (total: 423)
fuzz: elapsed: 1m54s, execs: 737028 (7735/sec), new interesting: 92 (total: 425)
fuzz: elapsed: 1m57s, execs: 766380 (9786/sec), new interesting: 96 (total: 429)
fuzz: elapsed: 2m0s, execs: 778907 (4175/sec), new interesting: 100 (total: 433)
fuzz: elapsed: 2m3s, execs: 797124 (6074/sec), new interesting: 103 (total: 436)
fuzz: elapsed: 2m6s, execs: 817018 (6630/sec), new interesting: 106 (total: 439)
fuzz: elapsed: 2m9s, execs: 833310 (5432/sec), new interesting: 106 (total: 439)
fuzz: elapsed: 2m12s, execs: 838530 (1740/sec), new interesting: 106 (total: 439)
fuzz: elapsed: 2m15s, execs: 851776 (4417/sec), new interesting: 106 (total: 439)
fuzz: elapsed: 2m18s, execs: 870555 (6258/sec), new interesting: 108 (total: 441)
fuzz: elapsed: 2m21s, execs: 896277 (8575/sec), new interesting: 110 (total: 443)
fuzz: elapsed: 2m24s, execs: 920773 (8166/sec), new interesting: 111 (total: 444)
fuzz: elapsed: 2m27s, execs: 931859 (3695/sec), new interesting: 112 (total: 445)
fuzz: elapsed: 2m30s, execs: 957127 (8423/sec), new interesting: 112 (total: 445)
fuzz: elapsed: 2m33s, execs: 968897 (3923/sec), new interesting: 112 (total: 445)
fuzz: elapsed: 2m36s, execs: 979601 (3567/sec), new interesting: 113 (total: 446)
fuzz: elapsed: 2m39s, execs: 1012190 (10863/sec), new interesting: 115 (total: 448)
fuzz: elapsed: 2m42s, execs: 1023269 (3694/sec), new interesting: 115 (total: 448)
fuzz: elapsed: 2m45s, execs: 1048465 (8399/sec), new interesting: 115 (total: 448)
fuzz: elapsed: 2m48s, execs: 1057071 (2869/sec), new interesting: 115 (total: 448)
fuzz: elapsed: 2m51s, execs: 1064403 (2442/sec), new interesting: 115 (total: 448)
fuzz: elapsed: 2m54s, execs: 1077566 (4391/sec), new interesting: 115 (total: 448)
fuzz: elapsed: 2m57s, execs: 1112155 (11530/sec), new interesting: 117 (total: 450)
fuzz: elapsed: 3m0s, execs: 1122853 (3565/sec), new interesting: 119 (total: 452)
fuzz: elapsed: 3m3s, execs: 1148466 (8540/sec), new interesting: 120 (total: 453)
fuzz: elapsed: 3m6s, execs: 1156863 (2799/sec), new interesting: 120 (total: 453)
fuzz: elapsed: 3m9s, execs: 1177268 (6802/sec), new interesting: 120 (total: 453)
fuzz: elapsed: 3m12s, execs: 1187034 (3254/sec), new interesting: 122 (total: 455)
fuzz: elapsed: 3m15s, execs: 1203985 (5650/sec), new interesting: 125 (total: 458)
fuzz: elapsed: 3m18s, execs: 1210187 (2067/sec), new interesting: 125 (total: 458)
fuzz: elapsed: 3m21s, execs: 1233911 (7908/sec), new interesting: 125 (total: 458)
fuzz: elapsed: 3m24s, execs: 1255338 (7144/sec), new interesting: 126 (total: 459)
fuzz: elapsed: 3m27s, execs: 1306486 (17049/sec), new interesting: 128 (total: 461)
fuzz: elapsed: 3m30s, execs: 1316794 (3436/sec), new interesting: 129 (total: 462)
fuzz: elapsed: 3m33s, execs: 1336797 (6668/sec), new interesting: 130 (total: 463)
fuzz: elapsed: 3m36s, execs: 1344996 (2732/sec), new interesting: 130 (total: 463)
fuzz: elapsed: 3m39s, execs: 1379701 (11571/sec), new interesting: 131 (total: 464)
fuzz: elapsed: 3m42s, execs: 1414668 (11655/sec), new interesting: 133 (total: 466)
fuzz: elapsed: 3m45s, execs: 1423395 (2909/sec), new interesting: 133 (total: 466)
fuzz: elapsed: 3m48s, execs: 1435367 (3991/sec), new interesting: 133 (total: 466)
fuzz: elapsed: 3m51s, execs: 1455873 (6836/sec), new interesting: 135 (total: 468)
fuzz: elapsed: 3m54s, execs: 1463019 (2382/sec), new interesting: 136 (total: 469)
fuzz: elapsed: 3m57s, execs: 1485006 (7325/sec), new interesting: 138 (total: 471)
fuzz: elapsed: 4m0s, execs: 1503815 (6273/sec), new interesting: 138 (total: 471)
fuzz: elapsed: 4m3s, execs: 1525827 (7338/sec), new interesting: 138 (total: 471)
fuzz: elapsed: 4m6s, execs: 1545406 (6526/sec), new interesting: 139 (total: 472)
fuzz: elapsed: 4m9s, execs: 1552163 (2252/sec), new interesting: 139 (total: 472)
fuzz: elapsed: 4m12s, execs: 1585056 (10965/sec), new interesting: 140 (total: 473)
fuzz: elapsed: 4m15s, execs: 1590004 (1649/sec), new interesting: 140 (total: 473)
fuzz: elapsed: 4m18s, execs: 1603438 (4479/sec), new interesting: 143 (total: 476)
fuzz: elapsed: 4m21s, execs: 1604503 (355/sec), new interesting: 144 (total: 477)
fuzz: elapsed: 4m24s, execs: 1679517 (25016/sec), new interesting: 146 (total: 479)
fuzz: elapsed: 4m27s, execs: 1698424 (6302/sec), new interesting: 147 (total: 480)
fuzz: elapsed: 4m30s, execs: 1717019 (6198/sec), new interesting: 147 (total: 480)
fuzz: elapsed: 4m33s, execs: 1743249 (8744/sec), new interesting: 147 (total: 480)
fuzz: elapsed: 4m36s, execs: 1763610 (6788/sec), new interesting: 149 (total: 482)
fuzz: elapsed: 4m39s, execs: 1777322 (4571/sec), new interesting: 150 (total: 483)
fuzz: elapsed: 4m42s, execs: 1794697 (5793/sec), new interesting: 150 (total: 483)
fuzz: elapsed: 4m45s, execs: 1804221 (3175/sec), new interesting: 151 (total: 484)
fuzz: elapsed: 4m48s, execs: 1820902 (5560/sec), new interesting: 152 (total: 485)
fuzz: elapsed: 4m51s, execs: 1828563 (2554/sec), new interesting: 153 (total: 486)
fuzz: elapsed: 4m54s, execs: 1863236 (11559/sec), new interesting: 154 (total: 487)
fuzz: elapsed: 4m57s, execs: 1923178 (19984/sec), new interesting: 154 (total: 487)
fuzz: elapsed: 5m0s, execs: 1941469 (6096/sec), new interesting: 157 (total: 490)
fuzz: elapsed: 5m3s, execs: 1953321 (3951/sec), new interesting: 158 (total: 491)
fuzz: elapsed: 5m6s, execs: 1969059 (5246/sec), new interesting: 159 (total: 492)
fuzz: elapsed: 5m9s, execs: 1987612 (6183/sec), new interesting: 161 (total: 494)
fuzz: elapsed: 5m12s, execs: 1998969 (3786/sec), new interesting: 162 (total: 495)
fuzz: elapsed: 5m15s, execs: 2004307 (1779/sec), new interesting: 162 (total: 495)
fuzz: elapsed: 5m18s, execs: 2018949 (4883/sec), new interesting: 164 (total: 497)
fuzz: elapsed: 5m21s, execs: 2053155 (11401/sec), new interesting: 165 (total: 498)
fuzz: elapsed: 5m24s, execs: 2115141 (20662/sec), new interesting: 165 (total: 498)
fuzz: elapsed: 5m27s, execs: 2127848 (4236/sec), new interesting: 165 (total: 498)
fuzz: elapsed: 5m30s, execs: 2135655 (2602/sec), new interesting: 165 (total: 498)
fuzz: elapsed: 5m33s, execs: 2149943 (4761/sec), new interesting: 165 (total: 498)
fuzz: elapsed: 5m36s, execs: 2170959 (7006/sec), new interesting: 166 (total: 499)
fuzz: elapsed: 5m39s, execs: 2184157 (4400/sec), new interesting: 167 (total: 500)
fuzz: elapsed: 5m42s, execs: 2194035 (3290/sec), new interesting: 167 (total: 500)
fuzz: elapsed: 5m45s, execs: 2213668 (6546/sec), new interesting: 168 (total: 501)
fuzz: elapsed: 5m48s, execs: 2233698 (6679/sec), new interesting: 169 (total: 502)
fuzz: elapsed: 5m51s, execs: 2307760 (24696/sec), new interesting: 170 (total: 503)
fuzz: elapsed: 5m54s, execs: 2318628 (3622/sec), new interesting: 171 (total: 504)
fuzz: elapsed: 5m57s, execs: 2331315 (4229/sec), new interesting: 171 (total: 504)
fuzz: elapsed: 6m0s, execs: 2337513 (2065/sec), new interesting: 171 (total: 504)
fuzz: elapsed: 6m3s, execs: 2343838 (2109/sec), new interesting: 171 (total: 504)
fuzz: elapsed: 6m6s, execs: 2361306 (5821/sec), new interesting: 172 (total: 505)
fuzz: elapsed: 6m9s, execs: 2394693 (11128/sec), new interesting: 173 (total: 506)
fuzz: elapsed: 6m12s, execs: 2412763 (6025/sec), new interesting: 173 (total: 506)
fuzz: elapsed: 6m15s, execs: 2424729 (3989/sec), new interesting: 174 (total: 507)
fuzz: elapsed: 6m18s, execs: 2444207 (6492/sec), new interesting: 174 (total: 507)
fuzz: elapsed: 6m21s, execs: 2517542 (24450/sec), new interesting: 174 (total: 507)
fuzz: elapsed: 6m24s, execs: 2532542 (4998/sec), new interesting: 174 (total: 507)
fuzz: elapsed: 6m27s, execs: 2551363 (6275/sec), new interesting: 175 (total: 508)
fuzz: elapsed: 6m30s, execs: 2559797 (2812/sec), new interesting: 175 (total: 508)
fuzz: elapsed: 6m33s, execs: 2572186 (4124/sec), new interesting: 175 (total: 508)
fuzz: elapsed: 6m36s, execs: 2592693 (6837/sec), new interesting: 175 (total: 508)
fuzz: elapsed: 6m39s, execs: 2609943 (5755/sec), new interesting: 175 (total: 508)
fuzz: elapsed: 6m42s, execs: 2629420 (6493/sec), new interesting: 176 (total: 509)
fuzz: elapsed: 6m45s, execs: 2662065 (10883/sec), new interesting: 177 (total: 510)
fuzz: elapsed: 6m48s, execs: 2673241 (3724/sec), new interesting: 177 (total: 510)
fuzz: elapsed: 6m51s, execs: 2684813 (3854/sec), new interesting: 178 (total: 511)
fuzz: elapsed: 6m54s, execs: 2693452 (2882/sec), new interesting: 178 (total: 511)
fuzz: elapsed: 6m57s, execs: 2718755 (8434/sec), new interesting: 178 (total: 511)
fuzz: elapsed: 7m0s, execs: 2725840 (2362/sec), new interesting: 178 (total: 511)
fuzz: elapsed: 7m3s, execs: 2744965 (6373/sec), new interesting: 178 (total: 511)
fuzz: elapsed: 7m6s, execs: 2765602 (6880/sec), new interesting: 179 (total: 512)
fuzz: elapsed: 7m9s, execs: 2784272 (6222/sec), new interesting: 179 (total: 512)
fuzz: elapsed: 7m12s, execs: 2817756 (11162/sec), new interesting: 179 (total: 512)
fuzz: elapsed: 7m15s, execs: 2876292 (19512/sec), new interesting: 181 (total: 514)
fuzz: elapsed: 7m18s, execs: 2886719 (3476/sec), new interesting: 182 (total: 515)
fuzz: elapsed: 7m21s, execs: 2899782 (4355/sec), new interesting: 183 (total: 516)
fuzz: elapsed: 7m24s, execs: 2912618 (4279/sec), new interesting: 183 (total: 516)
fuzz: elapsed: 7m27s, execs: 2931255 (6212/sec), new interesting: 184 (total: 517)
fuzz: elapsed: 7m30s, execs: 2949947 (6227/sec), new interesting: 184 (total: 517)
fuzz: elapsed: 7m33s, execs: 2994243 (14776/sec), new interesting: 184 (total: 517)
fuzz: elapsed: 7m36s, execs: 3018598 (8113/sec), new interesting: 187 (total: 520)
fuzz: elapsed: 7m39s, execs: 3028953 (3453/sec), new interesting: 187 (total: 520)
fuzz: elapsed: 7m42s, execs: 3037131 (2726/sec), new interesting: 187 (total: 520)
fuzz: elapsed: 7m45s, execs: 3065061 (9311/sec), new interesting: 188 (total: 521)
fuzz: elapsed: 7m48s, execs: 3073403 (2779/sec), new interesting: 188 (total: 521)
fuzz: elapsed: 7m51s, execs: 3091338 (5976/sec), new interesting: 188 (total: 521)
fuzz: elapsed: 7m54s, execs: 3108803 (5826/sec), new interesting: 188 (total: 521)
fuzz: elapsed: 7m57s, execs: 3139173 (10125/sec), new interesting: 188 (total: 521)
fuzz: elapsed: 8m0s, execs: 3152342 (4386/sec), new interesting: 189 (total: 522)
fuzz: elapsed: 8m3s, execs: 3168212 (5293/sec), new interesting: 189 (total: 522)
fuzz: elapsed: 8m6s, execs: 3178978 (3589/sec), new interesting: 189 (total: 522)
fuzz: elapsed: 8m9s, execs: 3186789 (2603/sec), new interesting: 189 (total: 522)
fuzz: elapsed: 8m12s, execs: 3206767 (6660/sec), new interesting: 190 (total: 523)
fuzz: elapsed: 8m15s, execs: 3221599 (4943/sec), new interesting: 191 (total: 524)
fuzz: elapsed: 8m18s, execs: 3239115 (5840/sec), new interesting: 194 (total: 527)
fuzz: elapsed: 8m21s, execs: 3256400 (5761/sec), new interesting: 194 (total: 527)
fuzz: elapsed: 8m24s, execs: 3288721 (10776/sec), new interesting: 194 (total: 527)
fuzz: elapsed: 8m27s, execs: 3339084 (16782/sec), new interesting: 195 (total: 528)
fuzz: elapsed: 8m30s, execs: 3365177 (8700/sec), new interesting: 195 (total: 528)
fuzz: elapsed: 8m33s, execs: 3375220 (3348/sec), new interesting: 195 (total: 528)
fuzz: elapsed: 8m36s, execs: 3387614 (4131/sec), new interesting: 195 (total: 528)
fuzz: elapsed: 8m39s, execs: 3391833 (1406/sec), new interesting: 195 (total: 528)
fuzz: elapsed: 8m42s, execs: 3397440 (1870/sec), new interesting: 195 (total: 528)
fuzz: elapsed: 8m45s, execs: 3412670 (5077/sec), new interesting: 196 (total: 529)
fuzz: elapsed: 8m48s, execs: 3454150 (13826/sec), new interesting: 199 (total: 532)
